
> Task :compileJava FAILED
.\gradlew.bat : D:\JOHAN\CURSOS 
UNSA\CIENCIA DE LA COMPUTACION\2025 -B\IS2
\proyectoFinal\backend\src\main\java\com\a
pp\modules\post\service\AnswerService.java
:8: error: cannot find symbol
At line:1 char:1
+ .\gradlew.bat classes > 
build_output.txt 2>&1
+ ~~~~~~~~~~~~~~~~~~~~~~~~~~~~~~~~~~~~~~~~
~~~~~
    + CategoryInfo          : NotSpecifie 
   d: (D:\JOHAN\CURSOS...not find symbol  
  :String) [], RemoteException
    + FullyQualifiedErrorId : NativeComma 
   ndError
 
import com.app.modules.post.domain.Entry;
                                  ^
  symbol:   class Entry
  location: package 
com.app.modules.post.domain
D:\JOHAN\CURSOS UNSA\CIENCIA DE LA 
COMPUTACION\2025 -B\IS2\proyectoFinal\back
end\src\main\java\com\app\modules\post\dom
ain\Answer.java:3: error: cannot find 
symbol
import com.app.modules.post.domain.Entry;
                                  ^
  symbol:   class Entry
  location: package 
com.app.modules.post.domain
D:\JOHAN\CURSOS UNSA\CIENCIA DE LA 
COMPUTACION\2025 -B\IS2\proyectoFinal\back
end\src\main\java\com\app\modules\post\dom
ain\Answer.java:37: error: cannot find 
symbol
  private Entry entry;
          ^
  symbol:   class Entry
  location: class Answer
D:\JOHAN\CURSOS UNSA\CIENCIA DE LA 
COMPUTACION\2025 -B\IS2\proyectoFinal\back
end\src\main\java\com\app\modules\post\dom
ain\Answer.java:37: error: cannot find 
symbol
  private Entry entry;
                ^
  symbol:   class Entry
  location: class Answer
D:\JOHAN\CURSOS UNSA\CIENCIA DE LA 
COMPUTACION\2025 -B\IS2\proyectoFinal\back
end\src\main\java\com\app\modules\post\dom
ain\Answer.java:23: error: cannot find 
symbol
@Setter
^
  symbol:   class Entry
  location: class Answer
D:\JOHAN\CURSOS UNSA\CIENCIA DE LA 
COMPUTACION\2025 -B\IS2\proyectoFinal\back
end\src\main\java\com\app\modules\post\dom
ain\Answer.java:25: error: cannot find 
symbol
@AllArgsConstructor
^
  symbol:   class Entry
  location: class Answer
D:\JOHAN\CURSOS UNSA\CIENCIA DE LA 
COMPUTACION\2025 -B\IS2\proyectoFinal\back
end\src\main\java\com\app\modules\post\dom
ain\Answer.java:24: error: cannot find 
symbol
@Builder
^
  symbol:   class Entry
  location: class AnswerBuilder
D:\JOHAN\CURSOS UNSA\CIENCIA DE LA 
COMPUTACION\2025 -B\IS2\proyectoFinal\back
end\src\main\java\com\app\modules\post\dom
ain\Post.java:39: error: cannot find 
symbol
  private Entry entry;
          ^
  symbol:   class Entry
  location: class Post
D:\JOHAN\CURSOS UNSA\CIENCIA DE LA 
COMPUTACION\2025 -B\IS2\proyectoFinal\back
end\src\main\java\com\app\modules\post\dom
ain\Post.java:39: error: cannot find 
symbol
  private Entry entry;
                ^
  symbol:   class Entry
  location: class Post
D:\JOHAN\CURSOS UNSA\CIENCIA DE LA 
COMPUTACION\2025 -B\IS2\proyectoFinal\back
end\src\main\java\com\app\modules\post\dom
ain\Post.java:24: error: cannot find 
symbol
@Setter
^
  symbol:   class Entry
  location: class Post
D:\JOHAN\CURSOS UNSA\CIENCIA DE LA 
COMPUTACION\2025 -B\IS2\proyectoFinal\back
end\src\main\java\com\app\modules\post\dom
ain\Post.java:26: error: cannot find 
symbol
@AllArgsConstructor
^
  symbol:   class Entry
  location: class Post
D:\JOHAN\CURSOS UNSA\CIENCIA DE LA 
COMPUTACION\2025 -B\IS2\proyectoFinal\back
end\src\main\java\com\app\modules\post\dom
ain\Post.java:25: error: cannot find 
symbol
@Builder
^
  symbol:   class Entry
  location: class PostBuilder
D:\JOHAN\CURSOS UNSA\CIENCIA DE LA 
COMPUTACION\2025 -B\IS2\proyectoFinal\back
end\src\main\java\com\app\modules\post\ser
vice\PostService.java:20: error: cannot 
find symbol
import com.app.modules.post.domain.Entry;
                                  ^
  symbol:   class Entry
  location: package 
com.app.modules.post.domain
D:\JOHAN\CURSOS UNSA\CIENCIA DE LA 
COMPUTACION\2025 -B\IS2\proyectoFinal\back
end\src\main\java\com\app\modules\post\ser
vice\EntryService.java:8: error: cannot 
find symbol
import com.app.modules.post.domain.Entry;
                                  ^
  symbol:   class Entry
  location: package 
com.app.modules.post.domain
D:\JOHAN\CURSOS UNSA\CIENCIA DE LA 
COMPUTACION\2025 -B\IS2\proyectoFinal\back
end\src\main\java\com\app\modules\post\ser
vice\IEntryService.java:3: error: cannot 
find symbol
import com.app.modules.post.domain.Entry;
                                  ^
  symbol:   class Entry
  location: package 
com.app.modules.post.domain
D:\JOHAN\CURSOS UNSA\CIENCIA DE LA 
COMPUTACION\2025 -B\IS2\proyectoFinal\back
end\src\main\java\com\app\modules\post\per
sistence\EntryRepositoryImp.java:6: 
error: cannot find symbol
import com.app.modules.post.domain.Entry;
                                  ^
  symbol:   class Entry
  location: package 
com.app.modules.post.domain
D:\JOHAN\CURSOS UNSA\CIENCIA DE LA 
COMPUTACION\2025 -B\IS2\proyectoFinal\back
end\src\main\java\com\app\modules\post\per
sistence\EntryRepositoryImp.java:9: 
error: cannot find symbol
public interface EntryRepositoryImp 
extends JpaRepository<Entry, Long> {
                                          
                ^
  symbol: class Entry
D:\JOHAN\CURSOS UNSA\CIENCIA DE LA 
COMPUTACION\2025 -B\IS2\proyectoFinal\back
end\src\main\java\com\app\modules\post\ser
vice\EntryService.java:25: error: cannot 
find symbol
  public Entry createEntry(ForoUser user, 
String content) {
         ^
  symbol:   class Entry
  location: class EntryService
D:\JOHAN\CURSOS UNSA\CIENCIA DE LA 
COMPUTACION\2025 -B\IS2\proyectoFinal\back
end\src\main\java\com\app\modules\post\ser
vice\IEntryService.java:8: error: cannot 
find symbol
  public Entry createEntry(ForoUser user, 
String content);
         ^
  symbol:   class Entry
  location: interface IEntryService
D:\JOHAN\CURSOS UNSA\CIENCIA DE LA 
COMPUTACION\2025 -B\IS2\proyectoFinal\back
end\src\main\java\com\app\modules\post\ser
vice\CommentService.java:13: error: 
cannot find symbol
import com.app.modules.post.domain.Entry;
                                  ^
  symbol:   class Entry
  location: package 
com.app.modules.post.domain
D:\JOHAN\CURSOS UNSA\CIENCIA DE LA 
COMPUTACION\2025 -B\IS2\proyectoFinal\back
end\src\main\java\com\app\modules\post\dom
ain\Comment.java:42: error: cannot find 
symbol
  private Entry entry;
          ^
  symbol:   class Entry
  location: class Comment
D:\JOHAN\CURSOS UNSA\CIENCIA DE LA 
COMPUTACION\2025 -B\IS2\proyectoFinal\back
end\src\main\java\com\app\modules\post\dom
ain\Comment.java:42: error: cannot find 
symbol
  private Entry entry;
                ^
  symbol:   class Entry
  location: class Comment
D:\JOHAN\CURSOS UNSA\CIENCIA DE LA 
COMPUTACION\2025 -B\IS2\proyectoFinal\back
end\src\main\java\com\app\modules\post\dom
ain\Comment.java:22: error: cannot find 
symbol
@Setter
^
  symbol:   class Entry
  location: class Comment
D:\JOHAN\CURSOS UNSA\CIENCIA DE LA 
COMPUTACION\2025 -B\IS2\proyectoFinal\back
end\src\main\java\com\app\modules\post\dom
ain\Comment.java:24: error: cannot find 
symbol
@AllArgsConstructor
^
  symbol:   class Entry
  location: class Comment
D:\JOHAN\CURSOS UNSA\CIENCIA DE LA 
COMPUTACION\2025 -B\IS2\proyectoFinal\back
end\src\main\java\com\app\modules\post\dom
ain\Comment.java:23: error: cannot find 
symbol
@Builder
^
  symbol:   class Entry
  location: class CommentBuilder
25 errors
[Incubating] Problems report is available at: file:///D:/JOHAN/CURSOS%20UNSA/CIENCIA%20DE%20LA%20COMPUTACION/2025%20-B/IS2/proyectoFinal/backend/build/reports/problems/problems-report.html

FAILURE: Build failed with an exception.

* What went wrong:
Execution failed for task ':compileJava'.
> Compilation failed; see the compiler 
output below.
  D:\JOHAN\CURSOS UNSA\CIENCIA DE LA 
COMPUTACION\2025 -B\IS2\proyectoFinal\back
end\src\main\java\com\app\modules\post\per
sistence\EntryRepositoryImp.java:9: 
error: cannot find symbol
  public interface EntryRepositoryImp 
extends JpaRepository<Entry, Long> {
                                          
                  ^
    symbol: class Entry
  D:\JOHAN\CURSOS UNSA\CIENCIA DE LA 
COMPUTACION\2025 -B\IS2\proyectoFinal\back
end\src\main\java\com\app\modules\post\ser
vice\AnswerService.java:8: error: cannot 
find symbol
  import 
com.app.modules.post.domain.Entry;
                                    ^
    symbol:   class Entry
    location: package 
com.app.modules.post.domain
  D:\JOHAN\CURSOS UNSA\CIENCIA DE LA 
COMPUTACION\2025 -B\IS2\proyectoFinal\back
end\src\main\java\com\app\modules\post\dom
ain\Answer.java:3: error: cannot find 
symbol
  import 
com.app.modules.post.domain.Entry;
                                    ^
    symbol:   class Entry
    location: package 
com.app.modules.post.domain
  D:\JOHAN\CURSOS UNSA\CIENCIA DE LA 
COMPUTACION\2025 -B\IS2\proyectoFinal\back
end\src\main\java\com\app\modules\post\dom
ain\Answer.java:37: error: cannot find 
symbol
    private Entry entry;
            ^
    symbol:   class Entry
    location: class Answer
  D:\JOHAN\CURSOS UNSA\CIENCIA DE LA 
COMPUTACION\2025 -B\IS2\proyectoFinal\back
end\src\main\java\com\app\modules\post\dom
ain\Answer.java:37: error: cannot find 
symbol
    private Entry entry;
                  ^
    symbol:   class Entry
    location: class Answer
  D:\JOHAN\CURSOS UNSA\CIENCIA DE LA 
COMPUTACION\2025 -B\IS2\proyectoFinal\back
end\src\main\java\com\app\modules\post\dom
ain\Answer.java:23: error: cannot find 
symbol
  @Setter
1 actionable task: 1 executed
  ^
    symbol:   class Entry
    location: class Answer
  D:\JOHAN\CURSOS UNSA\CIENCIA DE LA 
COMPUTACION\2025 -B\IS2\proyectoFinal\back
end\src\main\java\com\app\modules\post\dom
ain\Answer.java:25: error: cannot find 
symbol
  @AllArgsConstructor
  ^
    symbol:   class Entry
    location: class Answer
  D:\JOHAN\CURSOS UNSA\CIENCIA DE LA 
COMPUTACION\2025 -B\IS2\proyectoFinal\back
end\src\main\java\com\app\modules\post\dom
ain\Answer.java:24: error: cannot find 
symbol
  @Builder
  ^
    symbol:   class Entry
    location: class AnswerBuilder
  D:\JOHAN\CURSOS UNSA\CIENCIA DE LA 
COMPUTACION\2025 -B\IS2\proyectoFinal\back
end\src\main\java\com\app\modules\post\dom
ain\Post.java:39: error: cannot find 
symbol
    private Entry entry;
            ^
    symbol:   class Entry
    location: class Post
  D:\JOHAN\CURSOS UNSA\CIENCIA DE LA 
COMPUTACION\2025 -B\IS2\proyectoFinal\back
end\src\main\java\com\app\modules\post\dom
ain\Post.java:39: error: cannot find 
symbol
    private Entry entry;
                  ^
    symbol:   class Entry
    location: class Post
  D:\JOHAN\CURSOS UNSA\CIENCIA DE LA 
COMPUTACION\2025 -B\IS2\proyectoFinal\back
end\src\main\java\com\app\modules\post\dom
ain\Post.java:24: error: cannot find 
symbol
  @Setter
  ^
    symbol:   class Entry
    location: class Post
  D:\JOHAN\CURSOS UNSA\CIENCIA DE LA 
COMPUTACION\2025 -B\IS2\proyectoFinal\back
end\src\main\java\com\app\modules\post\dom
ain\Post.java:26: error: cannot find 
symbol
  @AllArgsConstructor
  ^
    symbol:   class Entry
    location: class Post
  D:\JOHAN\CURSOS UNSA\CIENCIA DE LA 
COMPUTACION\2025 -B\IS2\proyectoFinal\back
end\src\main\java\com\app\modules\post\dom
ain\Post.java:25: error: cannot find 
symbol
  @Builder
  ^
    symbol:   class Entry
    location: class PostBuilder
  D:\JOHAN\CURSOS UNSA\CIENCIA DE LA 
COMPUTACION\2025 -B\IS2\proyectoFinal\back
end\src\main\java\com\app\modules\post\ser
vice\PostService.java:20: error: cannot 
find symbol
  import 
com.app.modules.post.domain.Entry;
                                    ^
    symbol:   class Entry
    location: package 
com.app.modules.post.domain
  D:\JOHAN\CURSOS UNSA\CIENCIA DE LA 
COMPUTACION\2025 -B\IS2\proyectoFinal\back
end\src\main\java\com\app\modules\post\ser
vice\EntryService.java:8: error: cannot 
find symbol
  import 
com.app.modules.post.domain.Entry;
                                    ^
    symbol:   class Entry
    location: package 
com.app.modules.post.domain
  D:\JOHAN\CURSOS UNSA\CIENCIA DE LA 
COMPUTACION\2025 -B\IS2\proyectoFinal\back
end\src\main\java\com\app\modules\post\ser
vice\IEntryService.java:3: error: cannot 
find symbol
  import 
com.app.modules.post.domain.Entry;
                                    ^
    symbol:   class Entry
    location: package 
com.app.modules.post.domain
  D:\JOHAN\CURSOS UNSA\CIENCIA DE LA 
COMPUTACION\2025 -B\IS2\proyectoFinal\back
end\src\main\java\com\app\modules\post\per
sistence\EntryRepositoryImp.java:6: 
error: cannot find symbol
  import 
com.app.modules.post.domain.Entry;
                                    ^
    symbol:   class Entry
    location: package 
com.app.modules.post.domain
  D:\JOHAN\CURSOS UNSA\CIENCIA DE LA 
COMPUTACION\2025 -B\IS2\proyectoFinal\back
end\src\main\java\com\app\modules\post\ser
vice\EntryService.java:25: error: cannot 
find symbol
    public Entry createEntry(ForoUser 
user, String content) {
           ^
    symbol:   class Entry
    location: class EntryService
  D:\JOHAN\CURSOS UNSA\CIENCIA DE LA 
COMPUTACION\2025 -B\IS2\proyectoFinal\back
end\src\main\java\com\app\modules\post\ser
vice\IEntryService.java:8: error: cannot 
find symbol
    public Entry createEntry(ForoUser 
user, String content);
           ^
    symbol:   class Entry
    location: interface IEntryService
  D:\JOHAN\CURSOS UNSA\CIENCIA DE LA 
COMPUTACION\2025 -B\IS2\proyectoFinal\back
end\src\main\java\com\app\modules\post\ser
vice\CommentService.java:13: error: 
cannot find symbol
  import 
com.app.modules.post.domain.Entry;
                                    ^
    symbol:   class Entry
    location: package 
com.app.modules.post.domain
  D:\JOHAN\CURSOS UNSA\CIENCIA DE LA 
COMPUTACION\2025 -B\IS2\proyectoFinal\back
end\src\main\java\com\app\modules\post\dom
ain\Comment.java:42: error: cannot find 
symbol
    private Entry entry;
            ^
    symbol:   class Entry
    location: class Comment
  D:\JOHAN\CURSOS UNSA\CIENCIA DE LA 
COMPUTACION\2025 -B\IS2\proyectoFinal\back
end\src\main\java\com\app\modules\post\dom
ain\Comment.java:42: error: cannot find 
symbol
    private Entry entry;
                  ^
    symbol:   class Entry
    location: class Comment
  D:\JOHAN\CURSOS UNSA\CIENCIA DE LA 
COMPUTACION\2025 -B\IS2\proyectoFinal\back
end\src\main\java\com\app\modules\post\dom
ain\Comment.java:22: error: cannot find 
symbol
  @Setter
  ^
    symbol:   class Entry
    location: class Comment
  D:\JOHAN\CURSOS UNSA\CIENCIA DE LA 
COMPUTACION\2025 -B\IS2\proyectoFinal\back
end\src\main\java\com\app\modules\post\dom
ain\Comment.java:24: error: cannot find 
symbol
  @AllArgsConstructor
  ^
    symbol:   class Entry
    location: class Comment
  D:\JOHAN\CURSOS UNSA\CIENCIA DE LA 
COMPUTACION\2025 -B\IS2\proyectoFinal\back
end\src\main\java\com\app\modules\post\dom
ain\Comment.java:23: error: cannot find 
symbol
  @Builder
  ^
    symbol:   class Entry
    location: class CommentBuilder
  25 errors

* Try:
> Check your code and dependencies to fix 
the compilation error(s)
> Run with --scan to get full insights.

BUILD FAILED in 2s
